Launching browser...
Loading tests from: C:\Users\nebird\Repos\odinforazurelocal\tests\index.html
Browser: Analytics: Firebase SDK not loaded
Browser: HTML validation tests skipped (file:// protocol)
Browser: Analytics: Firebase SDK not loaded
Browser: Ô£ô All 740 tests passed!
Waiting for tests to complete...

========================================
Test Results: 740/740 passed, 0 failed
========================================

NUnit XML report written to: C:\Users\nebird\Repos\odinforazurelocal\test-results\nunit.xml
JUnit XML report written to: C:\Users\nebird\Repos\odinforazurelocal\test-results\junit.xml

Ô£à All 740 tests passed!
